// Jest Snapshot v1, https://goo.gl/fbAQLP

exports[`builds a default query 1`] = `
Object {
  "_source": Array [],
  "aggs": Object {
    "date": Object {
      "aggs": Object {
        "count": Object {
          "cardinality": Object {
            "field": "date",
          },
        },
        "values": Object {
          "aggs": Object {
            "bucket_truncate": Object {
              "bucket_sort": Object {
                "from": 0,
                "size": 100,
              },
            },
          },
          "date_histogram": Object {
            "field": "date",
            "interval": "year",
            "min_doc_count": 1,
            "order": Object {
              "_key": "desc",
            },
          },
        },
      },
      "filter": Object {
        "bool": Object {
          "filter": Array [],
          "must_not": Array [
            Object {
              "terms": Object {
                "tags": Array [
                  "trash",
                ],
              },
            },
          ],
          "should": Array [],
        },
      },
    },
    "date-created": Object {
      "aggs": Object {
        "count": Object {
          "cardinality": Object {
            "field": "date-created",
          },
        },
        "values": Object {
          "aggs": Object {
            "bucket_truncate": Object {
              "bucket_sort": Object {
                "from": 0,
                "size": 100,
              },
            },
          },
          "date_histogram": Object {
            "field": "date-created",
            "interval": "year",
            "min_doc_count": 1,
            "order": Object {
              "_key": "desc",
            },
          },
        },
      },
      "filter": Object {
        "bool": Object {
          "filter": Array [],
          "must_not": Array [
            Object {
              "terms": Object {
                "tags": Array [
                  "trash",
                ],
              },
            },
          ],
          "should": Array [],
        },
      },
    },
    "date-created-missing": Object {
      "aggs": Object {
        "count": Object {
          "cardinality": Object {
            "field": "date-created-missing",
          },
        },
        "values": Object {
          "missing": Object {
            "field": "date-created",
          },
        },
      },
      "filter": Object {
        "bool": Object {
          "filter": Array [],
          "must_not": Array [
            Object {
              "terms": Object {
                "tags": Array [
                  "trash",
                ],
              },
            },
          ],
          "should": Array [],
        },
      },
    },
    "date-missing": Object {
      "aggs": Object {
        "count": Object {
          "cardinality": Object {
            "field": "date-missing",
          },
        },
        "values": Object {
          "missing": Object {
            "field": "date",
          },
        },
      },
      "filter": Object {
        "bool": Object {
          "filter": Array [],
          "must_not": Array [
            Object {
              "terms": Object {
                "tags": Array [
                  "trash",
                ],
              },
            },
          ],
          "should": Array [],
        },
      },
    },
    "email-domains": Object {
      "aggs": Object {
        "count": Object {
          "cardinality": Object {
            "field": "email-domains",
          },
        },
        "values": Object {
          "terms": Object {
            "field": "email-domains",
            "size": 100,
          },
        },
      },
      "filter": Object {
        "bool": Object {
          "filter": Array [],
          "must_not": Array [
            Object {
              "terms": Object {
                "tags": Array [
                  "trash",
                ],
              },
            },
          ],
          "should": Array [],
        },
      },
    },
    "email-domains-missing": Object {
      "aggs": Object {
        "count": Object {
          "cardinality": Object {
            "field": "email-domains-missing",
          },
        },
        "values": Object {
          "missing": Object {
            "field": "email-domains",
          },
        },
      },
      "filter": Object {
        "bool": Object {
          "filter": Array [],
          "must_not": Array [
            Object {
              "terms": Object {
                "tags": Array [
                  "trash",
                ],
              },
            },
          ],
          "should": Array [],
        },
      },
    },
    "filetype": Object {
      "aggs": Object {
        "count": Object {
          "cardinality": Object {
            "field": "filetype",
          },
        },
        "values": Object {
          "terms": Object {
            "field": "filetype",
            "size": 100,
          },
        },
      },
      "filter": Object {
        "bool": Object {
          "filter": Array [],
          "must_not": Array [
            Object {
              "terms": Object {
                "tags": Array [
                  "trash",
                ],
              },
            },
          ],
          "should": Array [],
        },
      },
    },
    "filetype-missing": Object {
      "aggs": Object {
        "count": Object {
          "cardinality": Object {
            "field": "filetype-missing",
          },
        },
        "values": Object {
          "missing": Object {
            "field": "filetype",
          },
        },
      },
      "filter": Object {
        "bool": Object {
          "filter": Array [],
          "must_not": Array [
            Object {
              "terms": Object {
                "tags": Array [
                  "trash",
                ],
              },
            },
          ],
          "should": Array [],
        },
      },
    },
    "from.keyword": Object {
      "aggs": Object {
        "count": Object {
          "cardinality": Object {
            "field": "from.keyword",
          },
        },
        "values": Object {
          "terms": Object {
            "field": "from.keyword",
            "size": 100,
          },
        },
      },
      "filter": Object {
        "bool": Object {
          "filter": Array [],
          "must_not": Array [
            Object {
              "terms": Object {
                "tags": Array [
                  "trash",
                ],
              },
            },
          ],
          "should": Array [],
        },
      },
    },
    "from.keyword-missing": Object {
      "aggs": Object {
        "count": Object {
          "cardinality": Object {
            "field": "from.keyword-missing",
          },
        },
        "values": Object {
          "missing": Object {
            "field": "from.keyword",
          },
        },
      },
      "filter": Object {
        "bool": Object {
          "filter": Array [],
          "must_not": Array [
            Object {
              "terms": Object {
                "tags": Array [
                  "trash",
                ],
              },
            },
          ],
          "should": Array [],
        },
      },
    },
    "lang": Object {
      "aggs": Object {
        "count": Object {
          "cardinality": Object {
            "field": "lang",
          },
        },
        "values": Object {
          "terms": Object {
            "field": "lang",
            "size": 100,
          },
        },
      },
      "filter": Object {
        "bool": Object {
          "filter": Array [],
          "must_not": Array [
            Object {
              "terms": Object {
                "tags": Array [
                  "trash",
                ],
              },
            },
          ],
          "should": Array [],
        },
      },
    },
    "lang-missing": Object {
      "aggs": Object {
        "count": Object {
          "cardinality": Object {
            "field": "lang-missing",
          },
        },
        "values": Object {
          "missing": Object {
            "field": "lang",
          },
        },
      },
      "filter": Object {
        "bool": Object {
          "filter": Array [],
          "must_not": Array [
            Object {
              "terms": Object {
                "tags": Array [
                  "trash",
                ],
              },
            },
          ],
          "should": Array [],
        },
      },
    },
    "path-parts": Object {
      "aggs": Object {
        "count": Object {
          "cardinality": Object {
            "field": "path-parts",
          },
        },
        "values": Object {
          "terms": Object {
            "field": "path-parts",
            "size": 100,
          },
        },
      },
      "filter": Object {
        "bool": Object {
          "filter": Array [],
          "must_not": Array [
            Object {
              "terms": Object {
                "tags": Array [
                  "trash",
                ],
              },
            },
          ],
          "should": Array [],
        },
      },
    },
    "path-parts-missing": Object {
      "aggs": Object {
        "count": Object {
          "cardinality": Object {
            "field": "path-parts-missing",
          },
        },
        "values": Object {
          "missing": Object {
            "field": "path-parts",
          },
        },
      },
      "filter": Object {
        "bool": Object {
          "filter": Array [],
          "must_not": Array [
            Object {
              "terms": Object {
                "tags": Array [
                  "trash",
                ],
              },
            },
          ],
          "should": Array [],
        },
      },
    },
    "priv-tags": Object {
      "aggs": Object {
        "count": Object {
          "cardinality": Object {
            "field": "priv-tags",
          },
        },
        "values": Object {
          "terms": Object {
            "field": "priv-tags.testuser",
            "size": 100,
          },
        },
      },
      "filter": Object {
        "bool": Object {
          "filter": Array [],
          "must_not": Array [
            Object {
              "terms": Object {
                "tags": Array [
                  "trash",
                ],
              },
            },
          ],
          "should": Array [],
        },
      },
    },
    "priv-tags-missing": Object {
      "aggs": Object {
        "count": Object {
          "cardinality": Object {
            "field": "priv-tags-missing",
          },
        },
        "values": Object {
          "missing": Object {
            "field": "priv-tags.testuser",
          },
        },
      },
      "filter": Object {
        "bool": Object {
          "filter": Array [],
          "must_not": Array [
            Object {
              "terms": Object {
                "tags": Array [
                  "trash",
                ],
              },
            },
          ],
          "should": Array [],
        },
      },
    },
    "tags": Object {
      "aggs": Object {
        "count": Object {
          "cardinality": Object {
            "field": "tags",
          },
        },
        "values": Object {
          "terms": Object {
            "field": "tags",
            "size": 100,
          },
        },
      },
      "filter": Object {
        "bool": Object {},
      },
    },
    "tags-missing": Object {
      "aggs": Object {
        "count": Object {
          "cardinality": Object {
            "field": "tags-missing",
          },
        },
        "values": Object {
          "missing": Object {
            "field": "tags",
          },
        },
      },
      "filter": Object {
        "bool": Object {
          "filter": Array [],
          "must_not": Array [
            Object {
              "terms": Object {
                "tags": Array [
                  "trash",
                ],
              },
            },
          ],
          "should": Array [],
        },
      },
    },
    "to.keyword": Object {
      "aggs": Object {
        "count": Object {
          "cardinality": Object {
            "field": "to.keyword",
          },
        },
        "values": Object {
          "terms": Object {
            "field": "to.keyword",
            "size": 100,
          },
        },
      },
      "filter": Object {
        "bool": Object {
          "filter": Array [],
          "must_not": Array [
            Object {
              "terms": Object {
                "tags": Array [
                  "trash",
                ],
              },
            },
          ],
          "should": Array [],
        },
      },
    },
    "to.keyword-missing": Object {
      "aggs": Object {
        "count": Object {
          "cardinality": Object {
            "field": "to.keyword-missing",
          },
        },
        "values": Object {
          "missing": Object {
            "field": "to.keyword",
          },
        },
      },
      "filter": Object {
        "bool": Object {
          "filter": Array [],
          "must_not": Array [
            Object {
              "terms": Object {
                "tags": Array [
                  "trash",
                ],
              },
            },
          ],
          "should": Array [],
        },
      },
    },
  },
  "collections": Array [],
  "from": 0,
  "highlight": Object {
    "fields": Object {},
  },
  "post_filter": Object {
    "bool": Object {
      "filter": Array [],
      "must_not": Array [
        Object {
          "terms": Object {
            "tags": Array [
              "trash",
            ],
          },
        },
      ],
      "should": Array [],
    },
  },
  "query": Object {
    "query_string": Object {
      "default_operator": "AND",
      "fields": Array [],
      "lenient": true,
      "query": "*",
    },
  },
  "size": 0,
  "sort": Array [],
}
`;
