// Jest Snapshot v1, https://goo.gl/fbAQLP

exports[`builds a default query 1`] = `
Object {
  "_source": Array [],
  "aggs": Object {
    "attachments": Object {
      "aggs": Object {
        "count": Object {
          "cardinality": Object {
            "field": "attachments",
          },
        },
        "values": Object {
          "terms": Object {
            "field": "attachments",
            "size": 44,
          },
        },
      },
      "filter": Object {
        "bool": Object {},
      },
    },
    "content-type": Object {
      "aggs": Object {
        "count": Object {
          "cardinality": Object {
            "field": "content-type",
          },
        },
        "values": Object {
          "terms": Object {
            "field": "content-type",
            "size": 44,
          },
        },
      },
      "filter": Object {
        "bool": Object {},
      },
    },
    "date": Object {
      "aggs": Object {
        "count": Object {
          "cardinality": Object {
            "field": "date",
          },
        },
        "values": Object {
          "aggs": Object {
            "bucket_truncate": Object {
              "bucket_sort": Object {
                "from": 0,
                "size": 44,
              },
            },
          },
          "date_histogram": Object {
            "field": "date",
            "interval": "year",
            "min_doc_count": 1,
            "order": Object {
              "_key": "desc",
            },
          },
        },
      },
      "filter": Object {
        "bool": Object {},
      },
    },
    "date-created": Object {
      "aggs": Object {
        "count": Object {
          "cardinality": Object {
            "field": "date-created",
          },
        },
        "values": Object {
          "aggs": Object {
            "bucket_truncate": Object {
              "bucket_sort": Object {
                "from": 0,
                "size": 44,
              },
            },
          },
          "date_histogram": Object {
            "field": "date-created",
            "interval": "year",
            "min_doc_count": 1,
            "order": Object {
              "_key": "desc",
            },
          },
        },
      },
      "filter": Object {
        "bool": Object {},
      },
    },
    "detected-objects.object.keyword": Object {
      "aggs": Object {
        "count": Object {
          "cardinality": Object {
            "field": "detected-objects.object.keyword",
          },
        },
        "values": Object {
          "terms": Object {
            "field": "detected-objects.object.keyword",
            "size": 44,
          },
        },
      },
      "filter": Object {
        "bool": Object {},
      },
    },
    "email-domains": Object {
      "aggs": Object {
        "count": Object {
          "cardinality": Object {
            "field": "email-domains",
          },
        },
        "values": Object {
          "terms": Object {
            "field": "email-domains",
            "size": 44,
          },
        },
      },
      "filter": Object {
        "bool": Object {},
      },
    },
    "entity-type.event.keyword": Object {
      "aggs": Object {
        "count": Object {
          "cardinality": Object {
            "field": "entity-type.event.keyword",
          },
        },
        "values": Object {
          "terms": Object {
            "field": "entity-type.event.keyword",
            "size": 44,
          },
        },
      },
      "filter": Object {
        "bool": Object {},
      },
    },
    "entity-type.location.keyword": Object {
      "aggs": Object {
        "count": Object {
          "cardinality": Object {
            "field": "entity-type.location.keyword",
          },
        },
        "values": Object {
          "terms": Object {
            "field": "entity-type.location.keyword",
            "size": 44,
          },
        },
      },
      "filter": Object {
        "bool": Object {},
      },
    },
    "entity-type.money.keyword": Object {
      "aggs": Object {
        "count": Object {
          "cardinality": Object {
            "field": "entity-type.money.keyword",
          },
        },
        "values": Object {
          "terms": Object {
            "field": "entity-type.money.keyword",
            "size": 44,
          },
        },
      },
      "filter": Object {
        "bool": Object {},
      },
    },
    "entity-type.organization.keyword": Object {
      "aggs": Object {
        "count": Object {
          "cardinality": Object {
            "field": "entity-type.organization.keyword",
          },
        },
        "values": Object {
          "terms": Object {
            "field": "entity-type.organization.keyword",
            "size": 44,
          },
        },
      },
      "filter": Object {
        "bool": Object {},
      },
    },
    "entity-type.person.keyword": Object {
      "aggs": Object {
        "count": Object {
          "cardinality": Object {
            "field": "entity-type.person.keyword",
          },
        },
        "values": Object {
          "terms": Object {
            "field": "entity-type.person.keyword",
            "size": 44,
          },
        },
      },
      "filter": Object {
        "bool": Object {},
      },
    },
    "entity.keyword": Object {
      "aggs": Object {
        "count": Object {
          "cardinality": Object {
            "field": "entity.keyword",
          },
        },
        "values": Object {
          "terms": Object {
            "field": "entity.keyword",
            "size": 44,
          },
        },
      },
      "filter": Object {
        "bool": Object {},
      },
    },
    "filetype": Object {
      "aggs": Object {
        "count": Object {
          "cardinality": Object {
            "field": "filetype",
          },
        },
        "values": Object {
          "terms": Object {
            "field": "filetype",
            "size": 44,
          },
        },
      },
      "filter": Object {
        "bool": Object {},
      },
    },
    "from.keyword": Object {
      "aggs": Object {
        "count": Object {
          "cardinality": Object {
            "field": "from.keyword",
          },
        },
        "values": Object {
          "terms": Object {
            "field": "from.keyword",
            "size": 44,
          },
        },
      },
      "filter": Object {
        "bool": Object {},
      },
    },
    "image-classes.class.keyword": Object {
      "aggs": Object {
        "count": Object {
          "cardinality": Object {
            "field": "image-classes.class.keyword",
          },
        },
        "values": Object {
          "terms": Object {
            "field": "image-classes.class.keyword",
            "size": 44,
          },
        },
      },
      "filter": Object {
        "bool": Object {},
      },
    },
    "lang": Object {
      "aggs": Object {
        "count": Object {
          "cardinality": Object {
            "field": "lang",
          },
        },
        "values": Object {
          "terms": Object {
            "field": "lang",
            "size": 44,
          },
        },
      },
      "filter": Object {
        "bool": Object {},
      },
    },
    "ocr": Object {
      "aggs": Object {
        "count": Object {
          "cardinality": Object {
            "field": "ocr",
          },
        },
        "values": Object {
          "terms": Object {
            "field": "ocr",
            "size": 44,
          },
        },
      },
      "filter": Object {
        "bool": Object {},
      },
    },
    "path-parts": Object {
      "aggs": Object {
        "count": Object {
          "cardinality": Object {
            "field": "path-parts",
          },
        },
        "values": Object {
          "terms": Object {
            "field": "path-parts",
            "size": 44,
          },
        },
      },
      "filter": Object {
        "bool": Object {},
      },
    },
    "pgp": Object {
      "aggs": Object {
        "count": Object {
          "cardinality": Object {
            "field": "pgp",
          },
        },
        "values": Object {
          "terms": Object {
            "field": "pgp",
            "size": 44,
          },
        },
      },
      "filter": Object {
        "bool": Object {},
      },
    },
    "priv-tags": Object {
      "aggs": Object {
        "count": Object {
          "cardinality": Object {
            "field": "priv-tags",
          },
        },
        "values": Object {
          "terms": Object {
            "field": "priv-tags.testuser",
            "size": 44,
          },
        },
      },
      "filter": Object {
        "bool": Object {},
      },
    },
    "size": Object {
      "aggs": Object {
        "count": Object {
          "cardinality": Object {
            "field": "size",
          },
        },
        "values": Object {
          "range": Object {
            "field": "size",
            "ranges": Array [
              Object {
                "from": "0",
                "key": "0-1",
                "to": "1",
              },
              Object {
                "from": "1",
                "key": "1-1000",
                "to": "1000",
              },
              Object {
                "from": "1000",
                "key": "1000-500000",
                "to": "500000",
              },
              Object {
                "from": "500000",
                "key": "500000-1000000",
                "to": "1000000",
              },
              Object {
                "from": "1000000",
                "key": "1000000-500000000",
                "to": "500000000",
              },
              Object {
                "from": "500000000",
                "key": "500000000-1000000000",
                "to": "1000000000",
              },
              Object {
                "from": "1000000000",
                "key": "1000000000-*",
              },
            ],
          },
        },
      },
      "filter": Object {
        "bool": Object {},
      },
    },
    "tags": Object {
      "aggs": Object {
        "count": Object {
          "cardinality": Object {
            "field": "tags",
          },
        },
        "values": Object {
          "terms": Object {
            "field": "tags",
            "size": 44,
          },
        },
      },
      "filter": Object {
        "bool": Object {},
      },
    },
    "to.keyword": Object {
      "aggs": Object {
        "count": Object {
          "cardinality": Object {
            "field": "to.keyword",
          },
        },
        "values": Object {
          "terms": Object {
            "field": "to.keyword",
            "size": 44,
          },
        },
      },
      "filter": Object {
        "bool": Object {},
      },
    },
    "translated-from": Object {
      "aggs": Object {
        "count": Object {
          "cardinality": Object {
            "field": "translated-from",
          },
        },
        "values": Object {
          "terms": Object {
            "field": "translated-from",
            "size": 44,
          },
        },
      },
      "filter": Object {
        "bool": Object {},
      },
    },
    "translated-to": Object {
      "aggs": Object {
        "count": Object {
          "cardinality": Object {
            "field": "translated-to",
          },
        },
        "values": Object {
          "terms": Object {
            "field": "translated-to",
            "size": 44,
          },
        },
      },
      "filter": Object {
        "bool": Object {},
      },
    },
    "word-count": Object {
      "aggs": Object {
        "count": Object {
          "cardinality": Object {
            "field": "word-count",
          },
        },
        "values": Object {
          "range": Object {
            "field": "word-count",
            "ranges": Array [
              Object {
                "from": "0",
                "key": "0-1",
                "to": "1",
              },
              Object {
                "from": "1",
                "key": "1-9",
                "to": "9",
              },
              Object {
                "from": "10",
                "key": "10-99",
                "to": "99",
              },
              Object {
                "from": "100",
                "key": "100-999",
                "to": "999",
              },
              Object {
                "from": "1000",
                "key": "1000-9999",
                "to": "9999",
              },
              Object {
                "from": "10000",
                "key": "10000-99999",
                "to": "99999",
              },
              Object {
                "from": "100000",
                "key": "100000-999999",
                "to": "999999",
              },
              Object {
                "from": "1000000",
                "key": "1000000-*",
              },
            ],
          },
        },
      },
      "filter": Object {
        "bool": Object {},
      },
    },
  },
  "collections": Array [],
  "from": 0,
  "highlight": Object {
    "fields": Object {},
  },
  "post_filter": Object {
    "bool": Object {},
  },
  "query": Object {
    "query_string": Object {
      "default_operator": "AND",
      "fields": Array [],
      "lenient": true,
      "query": "*",
    },
  },
  "size": 0,
  "sort": Array [],
}
`;
