// Jest Snapshot v1, https://goo.gl/fbAQLP

exports[`builds a default query 1`] = `
Object {
  "_source": Array [],
  "aggs": Object {
    "date": Object {
      "aggs": Object {
        "count": Object {
          "cardinality": Object {
            "field": "date",
          },
        },
        "values": Object {
          "aggs": Object {
            "bucket_truncate": Object {
              "bucket_sort": Object {
                "from": 0,
                "size": 10,
              },
            },
          },
          "date_histogram": Object {
            "field": "date",
            "interval": "year",
            "min_doc_count": 1,
            "order": Object {
              "_key": "desc",
            },
          },
        },
      },
      "filter": Object {
        "bool": Object {},
      },
    },
    "date-created": Object {
      "aggs": Object {
        "count": Object {
          "cardinality": Object {
            "field": "date-created",
          },
        },
        "values": Object {
          "aggs": Object {
            "bucket_truncate": Object {
              "bucket_sort": Object {
                "from": 0,
                "size": 10,
              },
            },
          },
          "date_histogram": Object {
            "field": "date-created",
            "interval": "year",
            "min_doc_count": 1,
            "order": Object {
              "_key": "desc",
            },
          },
        },
      },
      "filter": Object {
        "bool": Object {},
      },
    },
    "email-domains": Object {
      "aggs": Object {
        "count": Object {
          "cardinality": Object {
            "field": "email-domains",
          },
        },
        "values": Object {
          "terms": Object {
            "field": "email-domains",
            "size": 10,
          },
        },
      },
      "filter": Object {
        "bool": Object {},
      },
    },
    "filetype": Object {
      "aggs": Object {
        "count": Object {
          "cardinality": Object {
            "field": "filetype",
          },
        },
        "values": Object {
          "terms": Object {
            "field": "filetype",
            "size": 10,
          },
        },
      },
      "filter": Object {
        "bool": Object {},
      },
    },
    "lang": Object {
      "aggs": Object {
        "count": Object {
          "cardinality": Object {
            "field": "lang",
          },
        },
        "values": Object {
          "terms": Object {
            "field": "lang",
            "size": 10,
          },
        },
      },
      "filter": Object {
        "bool": Object {},
      },
    },
    "tags": Object {
      "aggs": Object {
        "count": Object {
          "cardinality": Object {
            "field": "tags",
          },
        },
        "values": Object {
          "terms": Object {
            "field": "tags",
            "size": 10,
          },
        },
      },
      "filter": Object {
        "bool": Object {},
      },
    },
  },
  "collections": Array [],
  "from": 0,
  "highlight": Object {
    "fields": Object {},
  },
  "post_filter": Object {
    "bool": Object {},
  },
  "query": Object {
    "query_string": Object {
      "default_operator": "AND",
      "fields": Array [],
      "lenient": true,
      "query": "*",
    },
  },
  "size": 0,
  "sort": Array [],
}
`;
